../Drivers/CMSIS/Include/core_cm4.h:1684:22:__NVIC_EnableIRQ	16	static,ignoring_inline_asm
../Drivers/CMSIS/Include/core_cm4.h:1814:22:__NVIC_SetPriority	16	static
../Core/Src/main.c:73:5:main	8	static
../Core/Src/main.c:126:6:SystemClock_Config	88	static
../Core/Src/main.c:172:13:MX_GPIO_Init	16	static
../Core/Src/main.c:186:6:Led_Init	4	static
../Core/Src/main.c:199:6:Led_On	4	static
../Core/Src/main.c:204:6:Led_Off	4	static
../Core/Src/main.c:209:6:time1	16	static
../Core/Src/main.c:216:6:Timer10_Init	16	static
../Core/Src/main.c:236:6:Timer10_Enable	4	static
../Core/Src/main.c:241:6:Timer10_Disable	4	static
../Core/Src/main.c:246:6:TIM1_UP_TIM10_IRQHandler	4	static
../Core/Src/main.c:257:6:Error_Handler	4	static,ignoring_inline_asm
