../Drivers/CMSIS/Include/core_cm4.h:1684:22:__NVIC_EnableIRQ	16	static,ignoring_inline_asm
../Drivers/CMSIS/Include/core_cm4.h:1814:22:__NVIC_SetPriority	16	static
../Core/Src/main.c:73:5:main	8	static
../Core/Src/main.c:122:6:SystemClock_Config	88	static
../Core/Src/main.c:168:13:MX_GPIO_Init	16	static
../Core/Src/main.c:182:6:Led_Init	4	static
../Core/Src/main.c:195:6:Led_On	4	static
../Core/Src/main.c:200:6:Led_Off	4	static
../Core/Src/main.c:205:6:time1	16	static
../Core/Src/main.c:212:6:Timer10_Init	16	static
../Core/Src/main.c:232:6:Timer10_Enable	4	static
../Core/Src/main.c:237:6:Timer10_Disable	4	static
../Core/Src/main.c:242:6:TIM1_UP_TIM10_IRQHandler	4	static
../Core/Src/main.c:253:6:Error_Handler	4	static,ignoring_inline_asm
